C:\gitrepo\RequiemNexus\src\RequiemNexus.Web\Components\Pages\CharacterDetails.razor(70,13): error RZ10012: Found markup element with unexpected name 'CharacterVitals'. If this is intended to be a component, add a @using directive for its namespace. [C:\gitrepo\RequiemNexus\src\RequiemNexus.Web\RequiemNexus.Web.csproj]
C:\gitrepo\RequiemNexus\src\RequiemNexus.Web\Components\Pages\CharacterDetails.razor(211,13): error RZ10012: Found markup element with unexpected name 'CharacterIdentityTab'. If this is intended to be a component, add a @using directive for its namespace. [C:\gitrepo\RequiemNexus\src\RequiemNexus.Web\RequiemNexus.Web.csproj]
C:\gitrepo\RequiemNexus\src\RequiemNexus.Web\Components\Pages\CharacterDetails.razor(9,42): error CS0234: The type or namespace name 'Character' does not exist in the namespace 'RequiemNexus.Web.Components.Pages' (are you missing an assembly reference?) [C:\gitrepo\RequiemNexus\src\RequiemNexus.Web\RequiemNexus.Web.csproj]

Build FAILED.
    0 Warning(s)
    3 Error(s)

Time Elapsed 00:00:01.02
