  Determining projects to restore...
  All projects are up-to-date for restore.
  RequiemNexus.E2ETests -> C:\gitrepo\RequiemNexus\tests\RequiemNexus.E2ETests\bin\Release\net10.0\RequiemNexus.E2ETests.dll
Test run for C:\gitrepo\RequiemNexus\tests\RequiemNexus.E2ETests\bin\Release\net10.0\RequiemNexus.E2ETests.dll (.NETCoreApp,Version=v10.0)
VSTest version 18.0.1 (x64)

Starting test execution, please wait...
A total of 1 test files matched the specified pattern.
  Failed Login page has zero a11y violations [1 ms]
  Error Message:
   Microsoft.Playwright.PlaywrightException : Executable doesn't exist at C:\Users\asafg\AppData\Local\ms-playwright\chromium_headless_shell-1161\chrome-win\headless_shell.exe
ΓòöΓòÉΓòÉΓòÉΓòÉΓòÉΓòÉΓòÉΓòÉΓòÉΓòÉΓòÉΓòÉΓòÉΓòÉΓòÉΓòÉΓòÉΓòÉΓòÉΓòÉΓòÉΓòÉΓòÉΓòÉΓòÉΓòÉΓòÉΓòÉΓòÉΓòÉΓòÉΓòÉΓòÉΓòÉΓòÉΓòÉΓòÉΓòÉΓòÉΓòÉΓòÉΓòÉΓòÉΓòÉΓòÉΓòÉΓòÉΓòÉΓòÉΓòÉΓòÉΓòÉΓòÉΓòÉΓòÉΓòÉΓòÉΓòÉΓòÉΓòÉΓòù
Γòæ Looks like Playwright was just installed or updated.       Γòæ
Γòæ Please run the following command to download new browsers: Γòæ
Γòæ                                                            Γòæ
Γòæ     pwsh bin/Debug/netX/playwright.ps1 install             Γòæ
Γòæ                                                            Γòæ
Γòæ <3 Playwright Team                                         Γòæ
ΓòÜΓòÉΓòÉΓòÉΓòÉΓòÉΓòÉΓòÉΓòÉΓòÉΓòÉΓòÉΓòÉΓòÉΓòÉΓòÉΓòÉΓòÉΓòÉΓòÉΓòÉΓòÉΓòÉΓòÉΓòÉΓòÉΓòÉΓòÉΓòÉΓòÉΓòÉΓòÉΓòÉΓòÉΓòÉΓòÉΓòÉΓòÉΓòÉΓòÉΓòÉΓòÉΓòÉΓòÉΓòÉΓòÉΓòÉΓòÉΓòÉΓòÉΓòÉΓòÉΓòÉΓòÉΓòÉΓòÉΓòÉΓòÉΓòÉΓòÉΓòÉΓò¥
  Stack Trace:
     at Microsoft.Playwright.Transport.Connection.InnerSendMessageToServerAsync[T](ChannelOwner object, String method, Dictionary`2 dictionary, Boolean keepNulls) in /_/src/Playwright/Transport/Connection.cs:line 206
   at Microsoft.Playwright.Transport.Connection.WrapApiCallAsync[T](Func`1 action, Boolean isInternal) in /_/src/Playwright/Transport/Connection.cs:line 535
   at Microsoft.Playwright.Core.BrowserType.LaunchAsync(BrowserTypeLaunchOptions options) in /_/src/Playwright/Core/BrowserType.cs:line 56
   at RequiemNexus.E2ETests.AccessibilityTests.InitializeAsync() in C:\gitrepo\RequiemNexus\tests\RequiemNexus.E2ETests\AccessibilityTests.cs:line 31
  Failed RequiemNexus.E2ETests.CharacterCreationFlowTests.CreateCharacter_SubmitValidForm_RedirectsToCharacterSheet [1 ms]
  Error Message:
   Microsoft.Playwright.PlaywrightException : Executable doesn't exist at C:\Users\asafg\AppData\Local\ms-playwright\chromium_headless_shell-1161\chrome-win\headless_shell.exe
ΓòöΓòÉΓòÉΓòÉΓòÉΓòÉΓòÉΓòÉΓòÉΓòÉΓòÉΓòÉΓòÉΓòÉΓòÉΓòÉΓòÉΓòÉΓòÉΓòÉΓòÉΓòÉΓòÉΓòÉΓòÉΓòÉΓòÉΓòÉΓòÉΓòÉΓòÉΓòÉΓòÉΓòÉΓòÉΓòÉΓòÉΓòÉΓòÉΓòÉΓòÉΓòÉΓòÉΓòÉΓòÉΓòÉΓòÉΓòÉΓòÉΓòÉΓòÉΓòÉΓòÉΓòÉΓòÉΓòÉΓòÉΓòÉΓòÉΓòÉΓòÉΓòù
Γòæ Looks like Playwright was just installed or updated.       Γòæ
Γòæ Please run the following command to download new browsers: Γòæ
Γòæ                                                            Γòæ
Γòæ     pwsh bin/Debug/netX/playwright.ps1 install             Γòæ
Γòæ                                                            Γòæ
Γòæ <3 Playwright Team                                         Γòæ
ΓòÜΓòÉΓòÉΓòÉΓòÉΓòÉΓòÉΓòÉΓòÉΓòÉΓòÉΓòÉΓòÉΓòÉΓòÉΓòÉΓòÉΓòÉΓòÉΓòÉΓòÉΓòÉΓòÉΓòÉΓòÉΓòÉΓòÉΓòÉΓòÉΓòÉΓòÉΓòÉΓòÉΓòÉΓòÉΓòÉΓòÉΓòÉΓòÉΓòÉΓòÉΓòÉΓòÉΓòÉΓòÉΓòÉΓòÉΓòÉΓòÉΓòÉΓòÉΓòÉΓòÉΓòÉΓòÉΓòÉΓòÉΓòÉΓòÉΓòÉΓòÉΓò¥
  Stack Trace:
     at Microsoft.Playwright.Transport.Connection.InnerSendMessageToServerAsync[T](ChannelOwner object, String method, Dictionary`2 dictionary, Boolean keepNulls) in /_/src/Playwright/Transport/Connection.cs:line 206
   at Microsoft.Playwright.Transport.Connection.WrapApiCallAsync[T](Func`1 action, Boolean isInternal) in /_/src/Playwright/Transport/Connection.cs:line 535
   at Microsoft.Playwright.Core.BrowserType.LaunchAsync(BrowserTypeLaunchOptions options) in /_/src/Playwright/Core/BrowserType.cs:line 56
   at RequiemNexus.E2ETests.CharacterCreationFlowTests.InitializeAsync() in C:\gitrepo\RequiemNexus\tests\RequiemNexus.E2ETests\CharacterCreationFlowTests.cs:line 26
  Failed RequiemNexus.E2ETests.DiceRollFlowTests.DiceNexus_RollButton_IsVisibleOnCharacterSheet [1 ms]
  Error Message:
   Microsoft.Playwright.PlaywrightException : Executable doesn't exist at C:\Users\asafg\AppData\Local\ms-playwright\chromium_headless_shell-1161\chrome-win\headless_shell.exe
ΓòöΓòÉΓòÉΓòÉΓòÉΓòÉΓòÉΓòÉΓòÉΓòÉΓòÉΓòÉΓòÉΓòÉΓòÉΓòÉΓòÉΓòÉΓòÉΓòÉΓòÉΓòÉΓòÉΓòÉΓòÉΓòÉΓòÉΓòÉΓòÉΓòÉΓòÉΓòÉΓòÉΓòÉΓòÉΓòÉΓòÉΓòÉΓòÉΓòÉΓòÉΓòÉΓòÉΓòÉΓòÉΓòÉΓòÉΓòÉΓòÉΓòÉΓòÉΓòÉΓòÉΓòÉΓòÉΓòÉΓòÉΓòÉΓòÉΓòÉΓòÉΓòù
Γòæ Looks like Playwright was just installed or updated.       Γòæ
Γòæ Please run the following command to download new browsers: Γòæ
Γòæ                                                            Γòæ
Γòæ     pwsh bin/Debug/netX/playwright.ps1 install             Γòæ
Γòæ                                                            Γòæ
Γòæ <3 Playwright Team                                         Γòæ
ΓòÜΓòÉΓòÉΓòÉΓòÉΓòÉΓòÉΓòÉΓòÉΓòÉΓòÉΓòÉΓòÉΓòÉΓòÉΓòÉΓòÉΓòÉΓòÉΓòÉΓòÉΓòÉΓòÉΓòÉΓòÉΓòÉΓòÉΓòÉΓòÉΓòÉΓòÉΓòÉΓòÉΓòÉΓòÉΓòÉΓòÉΓòÉΓòÉΓòÉΓòÉΓòÉΓòÉΓòÉΓòÉΓòÉΓòÉΓòÉΓòÉΓòÉΓòÉΓòÉΓòÉΓòÉΓòÉΓòÉΓòÉΓòÉΓòÉΓòÉΓòÉΓò¥
  Stack Trace:
     at Microsoft.Playwright.Transport.Connection.InnerSendMessageToServerAsync[T](ChannelOwner object, String method, Dictionary`2 dictionary, Boolean keepNulls) in /_/src/Playwright/Transport/Connection.cs:line 206
   at Microsoft.Playwright.Transport.Connection.WrapApiCallAsync[T](Func`1 action, Boolean isInternal) in /_/src/Playwright/Transport/Connection.cs:line 535
   at Microsoft.Playwright.Core.BrowserType.LaunchAsync(BrowserTypeLaunchOptions options) in /_/src/Playwright/Core/BrowserType.cs:line 56
   at RequiemNexus.E2ETests.DiceRollFlowTests.InitializeAsync() in C:\gitrepo\RequiemNexus\tests\RequiemNexus.E2ETests\DiceRollFlowTests.cs:line 26
  Failed RequiemNexus.E2ETests.CharacterCreationFlowTests.CreateCharacter_CharacterNameAppearsInSheet [1 ms]
  Error Message:
   Microsoft.Playwright.PlaywrightException : Executable doesn't exist at C:\Users\asafg\AppData\Local\ms-playwright\chromium_headless_shell-1161\chrome-win\headless_shell.exe
ΓòöΓòÉΓòÉΓòÉΓòÉΓòÉΓòÉΓòÉΓòÉΓòÉΓòÉΓòÉΓòÉΓòÉΓòÉΓòÉΓòÉΓòÉΓòÉΓòÉΓòÉΓòÉΓòÉΓòÉΓòÉΓòÉΓòÉΓòÉΓòÉΓòÉΓòÉΓòÉΓòÉΓòÉΓòÉΓòÉΓòÉΓòÉΓòÉΓòÉΓòÉΓòÉΓòÉΓòÉΓòÉΓòÉΓòÉΓòÉΓòÉΓòÉΓòÉΓòÉΓòÉΓòÉΓòÉΓòÉΓòÉΓòÉΓòÉΓòÉΓòÉΓòù
Γòæ Looks like Playwright was just installed or updated.       Γòæ
Γòæ Please run the following command to download new browsers: Γòæ
Γòæ                                                            Γòæ
Γòæ     pwsh bin/Debug/netX/playwright.ps1 install             Γòæ
Γòæ                                                            Γòæ
Γòæ <3 Playwright Team                                         Γòæ
ΓòÜΓòÉΓòÉΓòÉΓòÉΓòÉΓòÉΓòÉΓòÉΓòÉΓòÉΓòÉΓòÉΓòÉΓòÉΓòÉΓòÉΓòÉΓòÉΓòÉΓòÉΓòÉΓòÉΓòÉΓòÉΓòÉΓòÉΓòÉΓòÉΓòÉΓòÉΓòÉΓòÉΓòÉΓòÉΓòÉΓòÉΓòÉΓòÉΓòÉΓòÉΓòÉΓòÉΓòÉΓòÉΓòÉΓòÉΓòÉΓòÉΓòÉΓòÉΓòÉΓòÉΓòÉΓòÉΓòÉΓòÉΓòÉΓòÉΓòÉΓòÉΓò¥
  Stack Trace:
     at Microsoft.Playwright.Transport.Connection.InnerSendMessageToServerAsync[T](ChannelOwner object, String method, Dictionary`2 dictionary, Boolean keepNulls) in /_/src/Playwright/Transport/Connection.cs:line 206
   at Microsoft.Playwright.Transport.Connection.WrapApiCallAsync[T](Func`1 action, Boolean isInternal) in /_/src/Playwright/Transport/Connection.cs:line 535
   at Microsoft.Playwright.Core.BrowserType.LaunchAsync(BrowserTypeLaunchOptions options) in /_/src/Playwright/Core/BrowserType.cs:line 56
   at RequiemNexus.E2ETests.CharacterCreationFlowTests.InitializeAsync() in C:\gitrepo\RequiemNexus\tests\RequiemNexus.E2ETests\CharacterCreationFlowTests.cs:line 26
  Failed RequiemNexus.E2ETests.DiceRollFlowTests.DiceNexus_PerformRoll_DisplaysResult [1 ms]
  Error Message:
   Microsoft.Playwright.PlaywrightException : Executable doesn't exist at C:\Users\asafg\AppData\Local\ms-playwright\chromium_headless_shell-1161\chrome-win\headless_shell.exe
ΓòöΓòÉΓòÉΓòÉΓòÉΓòÉΓòÉΓòÉΓòÉΓòÉΓòÉΓòÉΓòÉΓòÉΓòÉΓòÉΓòÉΓòÉΓòÉΓòÉΓòÉΓòÉΓòÉΓòÉΓòÉΓòÉΓòÉΓòÉΓòÉΓòÉΓòÉΓòÉΓòÉΓòÉΓòÉΓòÉΓòÉΓòÉΓòÉΓòÉΓòÉΓòÉΓòÉΓòÉΓòÉΓòÉΓòÉΓòÉΓòÉΓòÉΓòÉΓòÉΓòÉΓòÉΓòÉΓòÉΓòÉΓòÉΓòÉΓòÉΓòÉΓòù
Γòæ Looks like Playwright was just installed or updated.       Γòæ
Γòæ Please run the following command to download new browsers: Γòæ
Γòæ                                                            Γòæ
Γòæ     pwsh bin/Debug/netX/playwright.ps1 install             Γòæ
Γòæ                                                            Γòæ
Γòæ <3 Playwright Team                                         Γòæ
ΓòÜΓòÉΓòÉΓòÉΓòÉΓòÉΓòÉΓòÉΓòÉΓòÉΓòÉΓòÉΓòÉΓòÉΓòÉΓòÉΓòÉΓòÉΓòÉΓòÉΓòÉΓòÉΓòÉΓòÉΓòÉΓòÉΓòÉΓòÉΓòÉΓòÉΓòÉΓòÉΓòÉΓòÉΓòÉΓòÉΓòÉΓòÉΓòÉΓòÉΓòÉΓòÉΓòÉΓòÉΓòÉΓòÉΓòÉΓòÉΓòÉΓòÉΓòÉΓòÉΓòÉΓòÉΓòÉΓòÉΓòÉΓòÉΓòÉΓòÉΓòÉΓò¥
  Stack Trace:
     at Microsoft.Playwright.Transport.Connection.InnerSendMessageToServerAsync[T](ChannelOwner object, String method, Dictionary`2 dictionary, Boolean keepNulls) in /_/src/Playwright/Transport/Connection.cs:line 206
   at Microsoft.Playwright.Transport.Connection.WrapApiCallAsync[T](Func`1 action, Boolean isInternal) in /_/src/Playwright/Transport/Connection.cs:line 535
   at Microsoft.Playwright.Core.BrowserType.LaunchAsync(BrowserTypeLaunchOptions options) in /_/src/Playwright/Core/BrowserType.cs:line 56
   at RequiemNexus.E2ETests.DiceRollFlowTests.InitializeAsync() in C:\gitrepo\RequiemNexus\tests\RequiemNexus.E2ETests\DiceRollFlowTests.cs:line 26
  Failed Home page has zero a11y violations [1 ms]
  Error Message:
   Microsoft.Playwright.PlaywrightException : Executable doesn't exist at C:\Users\asafg\AppData\Local\ms-playwright\chromium_headless_shell-1161\chrome-win\headless_shell.exe
ΓòöΓòÉΓòÉΓòÉΓòÉΓòÉΓòÉΓòÉΓòÉΓòÉΓòÉΓòÉΓòÉΓòÉΓòÉΓòÉΓòÉΓòÉΓòÉΓòÉΓòÉΓòÉΓòÉΓòÉΓòÉΓòÉΓòÉΓòÉΓòÉΓòÉΓòÉΓòÉΓòÉΓòÉΓòÉΓòÉΓòÉΓòÉΓòÉΓòÉΓòÉΓòÉΓòÉΓòÉΓòÉΓòÉΓòÉΓòÉΓòÉΓòÉΓòÉΓòÉΓòÉΓòÉΓòÉΓòÉΓòÉΓòÉΓòÉΓòÉΓòÉΓòù
Γòæ Looks like Playwright was just installed or updated.       Γòæ
Γòæ Please run the following command to download new browsers: Γòæ
Γòæ                                                            Γòæ
Γòæ     pwsh bin/Debug/netX/playwright.ps1 install             Γòæ
Γòæ                                                            Γòæ
Γòæ <3 Playwright Team                                         Γòæ
ΓòÜΓòÉΓòÉΓòÉΓòÉΓòÉΓòÉΓòÉΓòÉΓòÉΓòÉΓòÉΓòÉΓòÉΓòÉΓòÉΓòÉΓòÉΓòÉΓòÉΓòÉΓòÉΓòÉΓòÉΓòÉΓòÉΓòÉΓòÉΓòÉΓòÉΓòÉΓòÉΓòÉΓòÉΓòÉΓòÉΓòÉΓòÉΓòÉΓòÉΓòÉΓòÉΓòÉΓòÉΓòÉΓòÉΓòÉΓòÉΓòÉΓòÉΓòÉΓòÉΓòÉΓòÉΓòÉΓòÉΓòÉΓòÉΓòÉΓòÉΓòÉΓò¥
  Stack Trace:
     at Microsoft.Playwright.Transport.Connection.InnerSendMessageToServerAsync[T](ChannelOwner object, String method, Dictionary`2 dictionary, Boolean keepNulls) in /_/src/Playwright/Transport/Connection.cs:line 206
   at Microsoft.Playwright.Transport.Connection.WrapApiCallAsync[T](Func`1 action, Boolean isInternal) in /_/src/Playwright/Transport/Connection.cs:line 535
   at Microsoft.Playwright.Core.BrowserType.LaunchAsync(BrowserTypeLaunchOptions options) in /_/src/Playwright/Core/BrowserType.cs:line 56
   at RequiemNexus.E2ETests.AccessibilityTests.InitializeAsync() in C:\gitrepo\RequiemNexus\tests\RequiemNexus.E2ETests\AccessibilityTests.cs:line 31
  Failed RequiemNexus.E2ETests.CharacterCreationFlowTests.CreateCharacter_NavigatesToCreationPage [1 ms]
  Error Message:
   Microsoft.Playwright.PlaywrightException : Executable doesn't exist at C:\Users\asafg\AppData\Local\ms-playwright\chromium_headless_shell-1161\chrome-win\headless_shell.exe
ΓòöΓòÉΓòÉΓòÉΓòÉΓòÉΓòÉΓòÉΓòÉΓòÉΓòÉΓòÉΓòÉΓòÉΓòÉΓòÉΓòÉΓòÉΓòÉΓòÉΓòÉΓòÉΓòÉΓòÉΓòÉΓòÉΓòÉΓòÉΓòÉΓòÉΓòÉΓòÉΓòÉΓòÉΓòÉΓòÉΓòÉΓòÉΓòÉΓòÉΓòÉΓòÉΓòÉΓòÉΓòÉΓòÉΓòÉΓòÉΓòÉΓòÉΓòÉΓòÉΓòÉΓòÉΓòÉΓòÉΓòÉΓòÉΓòÉΓòÉΓòÉΓòù
Γòæ Looks like Playwright was just installed or updated.       Γòæ
Γòæ Please run the following command to download new browsers: Γòæ
Γòæ                                                            Γòæ
Γòæ     pwsh bin/Debug/netX/playwright.ps1 install             Γòæ
Γòæ                                                            Γòæ
Γòæ <3 Playwright Team                                         Γòæ
ΓòÜΓòÉΓòÉΓòÉΓòÉΓòÉΓòÉΓòÉΓòÉΓòÉΓòÉΓòÉΓòÉΓòÉΓòÉΓòÉΓòÉΓòÉΓòÉΓòÉΓòÉΓòÉΓòÉΓòÉΓòÉΓòÉΓòÉΓòÉΓòÉΓòÉΓòÉΓòÉΓòÉΓòÉΓòÉΓòÉΓòÉΓòÉΓòÉΓòÉΓòÉΓòÉΓòÉΓòÉΓòÉΓòÉΓòÉΓòÉΓòÉΓòÉΓòÉΓòÉΓòÉΓòÉΓòÉΓòÉΓòÉΓòÉΓòÉΓòÉΓòÉΓò¥
  Stack Trace:
     at Microsoft.Playwright.Transport.Connection.InnerSendMessageToServerAsync[T](ChannelOwner object, String method, Dictionary`2 dictionary, Boolean keepNulls) in /_/src/Playwright/Transport/Connection.cs:line 206
   at Microsoft.Playwright.Transport.Connection.WrapApiCallAsync[T](Func`1 action, Boolean isInternal) in /_/src/Playwright/Transport/Connection.cs:line 535
   at Microsoft.Playwright.Core.BrowserType.LaunchAsync(BrowserTypeLaunchOptions options) in /_/src/Playwright/Core/BrowserType.cs:line 56
   at RequiemNexus.E2ETests.CharacterCreationFlowTests.InitializeAsync() in C:\gitrepo\RequiemNexus\tests\RequiemNexus.E2ETests\CharacterCreationFlowTests.cs:line 26

Failed!  - Failed:     7, Passed:     0, Skipped:     0, Total:     7, Duration: 523 ms - RequiemNexus.E2ETests.dll (net10.0)
